src/app/layout.tsx(5,25): error TS2307: Cannot find module '@/components/ui/sonner' or its corresponding type declarations.
src/app/page.tsx(4,58): error TS2307: Cannot find module '@/components/ui/tabs' or its corresponding type declarations.
src/app/page.tsx(5,87): error TS2307: Cannot find module '@/components/ui/card' or its corresponding type declarations.
src/app/page.tsx(6,23): error TS2307: Cannot find module '@/components/ui/input' or its corresponding type declarations.
src/app/page.tsx(7,24): error TS2307: Cannot find module '@/components/ui/button' or its corresponding type declarations.
src/app/page.tsx(8,26): error TS2307: Cannot find module '@/components/ui/textarea' or its corresponding type declarations.
src/app/page.tsx(9,23): error TS2307: Cannot find module '@/components/ui/label' or its corresponding type declarations.
src/app/page.tsx(10,23): error TS2307: Cannot find module 'sonner' or its corresponding type declarations.
